python : C:\Users\Sasmitha Kavindu\AppData\Roaming\Python\Python314\site-packages\sklearn\utils\validation.py:2691: 
UserWarning: X does not have valid feature names, but LGBMRegressor was fitted with feature names
At line:1 char:1
+ python integration_test.py > test_output.log 2>&1
+ ~~~~~~~~~~~~~~~~~~~~~~~~~~~~~~~~~~~~~~~~~~~~~~~~~
    + CategoryInfo          : NotSpecified: (C:\Users\Sasmit...h feature names:String) [], RemoteException
    + FullyQualifiedErrorId : NativeCommandError
 
  warnings.warn(
C:\Users\Sasmitha Kavindu\AppData\Roaming\Python\Python314\site-packages\sklearn\utils\validation.py:2691: 
UserWarning: X does not have valid feature names, but LGBMRegressor was fitted with feature names
  warnings.warn(
C:\Users\Sasmitha Kavindu\AppData\Roaming\Python\Python314\site-packages\sklearn\utils\validation.py:2691: 
UserWarning: X does not have valid feature names, but LGBMRegressor was fitted with feature names
  warnings.warn(
C:\Users\Sasmitha Kavindu\AppData\Roaming\Python\Python314\site-packages\sklearn\utils\validation.py:2691: 
UserWarning: X does not have valid feature names, but LGBMRegressor was fitted with feature names
  warnings.warn(
C:\Users\Sasmitha Kavindu\AppData\Roaming\Python\Python314\site-packages\sklearn\utils\validation.py:2691: 
UserWarning: X does not have valid feature names, but LGBMRegressor was fitted with feature names
  warnings.warn(
C:\Users\Sasmitha Kavindu\AppData\Roaming\Python\Python314\site-packages\sklearn\utils\validation.py:2691: 
UserWarning: X does not have valid feature names, but LGBMRegressor was fitted with feature names
  warnings.warn(
Connected to MongoDB Atlas: dyslexia_platform

==============================================================
  MODULE SMOKE TESTS  (11 checks)
==============================================================
  [PASS] shared/schemas.py ΓÇö all v3.0 types present, BLENDING_GAME in ActivityType
  [FAIL] welford.py  ΓÇö WelfordBaseline.__init__() takes 2 positional arguments but 3 were given
  [PASS] bkt_engine.py  p_know 0.3ΓåÆ0.693  threshold=0.833
  [PASS] content_selector.py  threshold=0.833
  [PASS] syllable_splitter.py  segs=['α╢Ü', 'α╖Çα╖ö']
  [PASS] sm2_scheduler.py  quality=4 for 82%
  [PASS] linucb.py  UCB=0.3485
  [PASS] intervention_engine.py  stage=1  PAST_STOP=3  BLENDING_GAME registered
  [PASS] kalman_filter.py  mean_innovation=87.4285
  [PASS] sovcm.py  α╖ü=0.76  task_cpx=0.2367  crowding=0.3075
  [PASS] onboarding.py  score=90 flag=at_risk_moderate  S0=0.75 S9=0.05

==============================================================
  MODEL INFERENCE TESTS  (3 checks)
==============================================================
  [PASS] c1_lgbm_mbsv.pkl  inference: {'CLI': 0.6931, 'PSI': 0.6421, 'VSI': 0.5892, 'FI': 0.6355, 'ES': 0.3235, 'ERI': 0.8108}
  [PASS] c1_learner_type_rf.pkl  predicted=A  proba={'A': 0.998, 'K': 0.002, 'V': 0.0}
  [PASS] c2_linucb_agent_warmstart.pkl  arm_selected=2  total_steps=2000

==============================================================
  END-TO-END PIPELINE TEST  (1 check)
==============================================================
  [PASS] E2E Pipeline: TelemetryΓåÆMBSVΓåÆBKTΓåÆIntervention  stage=1  activity=None
MongoDB connection closed.

==============================================================
  RESULTS: 14/15 passed  |  1 failed
==============================================================
  SOME TESTS FAILED ΓÇö check output above
